query {
  simpleType {
    __typename
    ...on someOtherSimpleType {
      number
    }
    ...on simpleScalarType {
      text
    }
  }
}
