query {
  arrayOfInterfaces {
    __typename
    ...on someOtherSimpleType {
      number
      text
      float
    }
  }
}
