query linql(
  $var1: String!
)
 {
  getNumber(
    value: $var1
  ) {
    number
  }
}
