query {
  getNumber(
    input: {number:123,text:"321"}
  ) {
    number
  }
}
