query linql(
  $var1: String!
)
 {
  arrayOfInterfaces {
    __typename
    ...on someOtherSimpleType {
      operation {
        getNumber(
          value: $var1
        ) {
          number
          text
        }
      }
    }
    text
  }
}
