query {
  listOfInterfaces {
    __typename
    number
    text
  }
}
