query linql(
  $var1: Int!
)
 {
  filteredNumbers(
    number: $var1
  )
}
