query {
  simpleType {
    __typename
    ...on someOtherSimpleType {
      float
    }
  }
}
