query {
  simpleType {
    __typename
    number
  }
}
