query {
  float
  getNumber(
    input: {number:0,text:null}
  ) {
    number
  }
}
