query {
  enumerableOfInterfaces {
    __typename
    number
    text
  }
}
