query {
  arrayOfInterfaces {
    __typename
    ...on simpleScalarType {
      number
      text
    }
    ...on someOtherSimpleType {
      text
      number
      float
    }
  }
}
