query linql(
  $var1: Int!,
  $var2: String!
)
 {
  operation(
    number: $var1
  ) {
    operation {
      getNumber(
        value: $var2
      ) {
        number
      }
    }
  }
  text
}
