query {
  operation {
    getNumber(
      value: "123"
    ) {
      number
      text
    }
  }
}
