query {
  simpleType {
    __typename
    ...on someOtherSimpleType {
      text
      number
      float
    }
  }
}
