query {
  arrayOfInterfaces {
    __typename
    number
    text
  }
}
