query {
  arrayOfInterfaces {
    __typename
    ...on someOtherSimpleType {
      float
    }
    text
  }
}
